Component: Arm Compiler for Embedded 6.18 Tool: armlink [5e4cc100]

==============================================================================

Section Cross References

    hal_entry.o(.text.hal_entry) refers to key.o(.text.KEY_Scan) for KEY_Scan
    hal_entry.o(.text.hal_entry) refers to led.o(.text.led_flip) for led_flip
    hal_entry.o(.ARM.exidx.text.hal_entry) refers to hal_entry.o(.text.hal_entry) for [Anonymous Symbol]
    hal_entry.o(.text.R_BSP_WarmStart) refers to r_ioport.o(.text.R_IOPORT_Open) for R_IOPORT_Open
    hal_entry.o(.text.R_BSP_WarmStart) refers to common_data.o(.rodata.g_ioport) for g_ioport
    hal_entry.o(.text.R_BSP_WarmStart) refers to common_data.o(.bss.g_ioport_ctrl) for g_ioport_ctrl
    hal_entry.o(.ARM.exidx.text.R_BSP_WarmStart) refers to hal_entry.o(.text.R_BSP_WarmStart) for [Anonymous Symbol]
    key.o(.text.KEY_Scan) refers to r_ioport.o(.text.R_IOPORT_PinRead) for R_IOPORT_PinRead
    key.o(.text.KEY_Scan) refers to bsp_delay.o(.text.R_BSP_SoftwareDelay) for R_BSP_SoftwareDelay
    key.o(.text.KEY_Scan) refers to key.o(.bss.KEY_Scan.S1_up) for [Anonymous Symbol]
    key.o(.text.KEY_Scan) refers to common_data.o(.bss.g_ioport_ctrl) for g_ioport_ctrl
    key.o(.ARM.exidx.text.KEY_Scan) refers to key.o(.text.KEY_Scan) for [Anonymous Symbol]
    led.o(.text.led_flip) refers to r_ioport.o(.text.R_IOPORT_PinWrite) for R_IOPORT_PinWrite
    led.o(.text.led_flip) refers to led.o(.bss.led_flip.led1_flag) for [Anonymous Symbol]
    led.o(.text.led_flip) refers to led.o(.bss.led_flip.led2_flag) for [Anonymous Symbol]
    led.o(.text.led_flip) refers to common_data.o(.bss.g_ioport_ctrl) for g_ioport_ctrl
    led.o(.ARM.exidx.text.led_flip) refers to led.o(.text.led_flip) for [Anonymous Symbol]
    led.o(.text.led_1_flicker) refers to r_ioport.o(.text.R_IOPORT_PinWrite) for R_IOPORT_PinWrite
    led.o(.text.led_1_flicker) refers to bsp_delay.o(.text.R_BSP_SoftwareDelay) for R_BSP_SoftwareDelay
    led.o(.text.led_1_flicker) refers to common_data.o(.bss.g_ioport_ctrl) for g_ioport_ctrl
    led.o(.ARM.exidx.text.led_1_flicker) refers to led.o(.text.led_1_flicker) for [Anonymous Symbol]
    led.o(.text.led_2_flicker) refers to r_ioport.o(.text.R_IOPORT_PinWrite) for R_IOPORT_PinWrite
    led.o(.text.led_2_flicker) refers to bsp_delay.o(.text.R_BSP_SoftwareDelay) for R_BSP_SoftwareDelay
    led.o(.text.led_2_flicker) refers to common_data.o(.bss.g_ioport_ctrl) for g_ioport_ctrl
    led.o(.ARM.exidx.text.led_2_flicker) refers to led.o(.text.led_2_flicker) for [Anonymous Symbol]
    startup.o(.text.Reset_Handler) refers to system.o(.text.SystemInit) for SystemInit
    startup.o(.text.Reset_Handler) refers to main.o(.text.main) for main
    startup.o(.ARM.exidx.text.Reset_Handler) refers to startup.o(.text.Reset_Handler) for [Anonymous Symbol]
    startup.o(.ARM.exidx.text.Default_Handler) refers to startup.o(.text.Default_Handler) for [Anonymous Symbol]
    startup.o(.fixed_vectors) refers to startup.o(.bss.stack) for [Anonymous Symbol]
    startup.o(.fixed_vectors) refers to startup.o(.text.Reset_Handler) for Reset_Handler
    startup.o(.fixed_vectors) refers to bsp_group_irq.o(.text.NMI_Handler) for NMI_Handler
    startup.o(.fixed_vectors) refers to startup.o(.text.Default_Handler) for HardFault_Handler
    system.o(.text.SystemInit) refers to hal_entry.o(.text.R_BSP_WarmStart) for R_BSP_WarmStart
    system.o(.text.SystemInit) refers to bsp_clocks.o(.text.bsp_clock_init) for bsp_clock_init
    system.o(.text.SystemInit) refers to bsp_register_protection.o(.text.R_BSP_RegisterProtectDisable) for R_BSP_RegisterProtectDisable
    system.o(.text.SystemInit) refers to bsp_register_protection.o(.text.R_BSP_RegisterProtectEnable) for R_BSP_RegisterProtectEnable
    system.o(.text.SystemInit) refers to memseta.o(.text) for __aeabi_memclr4
    system.o(.text.SystemInit) refers to memcpya.o(.text) for __aeabi_memcpy4
    system.o(.text.SystemInit) refers to bsp_clocks.o(.text.SystemCoreClockUpdate) for SystemCoreClockUpdate
    system.o(.text.SystemInit) refers to bsp_clocks.o(.text.R_BSP_Init_RTC) for R_BSP_Init_RTC
    system.o(.text.SystemInit) refers to bsp_irq.o(.text.bsp_irq_cfg) for bsp_irq_cfg
    system.o(.text.SystemInit) refers to bsp_common.o(.text.bsp_init_internal) for bsp_init
    system.o(.text.SystemInit) refers to startup.o(.fixed_vectors) for __Vectors
    system.o(.ARM.exidx.text.SystemInit) refers to system.o(.text.SystemInit) for [Anonymous Symbol]
    system.o(.ARM.exidx.text.R_BSP_WarmStart) refers to system.o(.text.R_BSP_WarmStart) for [Anonymous Symbol]
    bsp_clocks.o(.text.bsp_prv_operating_mode_set) refers to bsp_clocks.o(.text.bsp_prv_operating_mode_opccr_set) for bsp_prv_operating_mode_opccr_set
    bsp_clocks.o(.ARM.exidx.text.bsp_prv_operating_mode_set) refers to bsp_clocks.o(.text.bsp_prv_operating_mode_set) for [Anonymous Symbol]
    bsp_clocks.o(.ARM.exidx.text.bsp_prv_operating_mode_opccr_set) refers to bsp_clocks.o(.text.bsp_prv_operating_mode_opccr_set) for [Anonymous Symbol]
    bsp_clocks.o(.text.SystemCoreClockUpdate) refers to bsp_clocks.o(.bss.noinit) for [Anonymous Symbol]
    bsp_clocks.o(.text.SystemCoreClockUpdate) refers to system.o(.bss.SystemCoreClock) for SystemCoreClock
    bsp_clocks.o(.ARM.exidx.text.SystemCoreClockUpdate) refers to bsp_clocks.o(.text.SystemCoreClockUpdate) for [Anonymous Symbol]
    bsp_clocks.o(.ARM.exidx.text.prv_clock_dividers_set) refers to bsp_clocks.o(.text.prv_clock_dividers_set) for [Anonymous Symbol]
    bsp_clocks.o(.text.bsp_prv_clock_set) refers to bsp_clocks.o(.bss.noinit) for [Anonymous Symbol]
    bsp_clocks.o(.text.bsp_prv_clock_set) refers to system.o(.bss.SystemCoreClock) for SystemCoreClock
    bsp_clocks.o(.ARM.exidx.text.bsp_prv_clock_set) refers to bsp_clocks.o(.text.bsp_prv_clock_set) for [Anonymous Symbol]
    bsp_clocks.o(.text.bsp_clock_init) refers to bsp_delay.o(.text.R_BSP_SoftwareDelay) for R_BSP_SoftwareDelay
    bsp_clocks.o(.text.bsp_clock_init) refers to bsp_clocks.o(.text.bsp_prv_operating_mode_opccr_set) for bsp_prv_operating_mode_opccr_set
    bsp_clocks.o(.text.bsp_clock_init) refers to bsp_clocks.o(.bss.noinit) for [Anonymous Symbol]
    bsp_clocks.o(.text.bsp_clock_init) refers to system.o(.bss.SystemCoreClock) for SystemCoreClock
    bsp_clocks.o(.ARM.exidx.text.bsp_clock_init) refers to bsp_clocks.o(.text.bsp_clock_init) for [Anonymous Symbol]
    bsp_clocks.o(.text.R_BSP_SubClockStabilizeWait) refers to bsp_delay.o(.text.R_BSP_SoftwareDelay) for R_BSP_SoftwareDelay
    bsp_clocks.o(.ARM.exidx.text.R_BSP_SubClockStabilizeWait) refers to bsp_clocks.o(.text.R_BSP_SubClockStabilizeWait) for [Anonymous Symbol]
    bsp_clocks.o(.ARM.exidx.text.R_BSP_OctaclkUpdate) refers to bsp_clocks.o(.text.R_BSP_OctaclkUpdate) for [Anonymous Symbol]
    bsp_clocks.o(.text.R_BSP_SourceClockHzGet) refers to bsp_clocks.o(.bss.noinit) for [Anonymous Symbol]
    bsp_clocks.o(.ARM.exidx.text.R_BSP_SourceClockHzGet) refers to bsp_clocks.o(.text.R_BSP_SourceClockHzGet) for [Anonymous Symbol]
    bsp_clocks.o(.text.R_BSP_Init_RTC) refers to bsp_delay.o(.text.R_BSP_SoftwareDelay) for R_BSP_SoftwareDelay
    bsp_clocks.o(.ARM.exidx.text.R_BSP_Init_RTC) refers to bsp_clocks.o(.text.R_BSP_Init_RTC) for [Anonymous Symbol]
    bsp_common.o(.ARM.exidx.text.bsp_init_internal) refers to bsp_common.o(.text.bsp_init_internal) for [Anonymous Symbol]
    bsp_common.o(.ARM.exidx.text.R_FSP_VersionGet) refers to bsp_common.o(.text.R_FSP_VersionGet) for [Anonymous Symbol]
    bsp_common.o(.ARM.exidx.text.__aeabi_assert) refers to bsp_common.o(.text.__aeabi_assert) for [Anonymous Symbol]
    bsp_delay.o(.text.R_BSP_SoftwareDelay) refers to llmul.o(.text) for __aeabi_lmul
    bsp_delay.o(.text.R_BSP_SoftwareDelay) refers to bsp_delay.o(.text.bsp_prv_software_delay_loop) for bsp_prv_software_delay_loop
    bsp_delay.o(.text.R_BSP_SoftwareDelay) refers to system.o(.bss.SystemCoreClock) for SystemCoreClock
    bsp_delay.o(.ARM.exidx.text.R_BSP_SoftwareDelay) refers to bsp_delay.o(.text.R_BSP_SoftwareDelay) for [Anonymous Symbol]
    bsp_delay.o(.ARM.exidx.text.bsp_prv_software_delay_loop) refers to bsp_delay.o(.text.bsp_prv_software_delay_loop) for [Anonymous Symbol]
    bsp_group_irq.o(.text.R_BSP_GroupIrqWrite) refers to bsp_group_irq.o(.bss.g_bsp_group_irq_sources) for g_bsp_group_irq_sources
    bsp_group_irq.o(.ARM.exidx.text.R_BSP_GroupIrqWrite) refers to bsp_group_irq.o(.text.R_BSP_GroupIrqWrite) for [Anonymous Symbol]
    bsp_group_irq.o(.text.NMI_Handler) refers to bsp_group_irq.o(.bss.g_bsp_group_irq_sources) for g_bsp_group_irq_sources
    bsp_group_irq.o(.ARM.exidx.text.NMI_Handler) refers to bsp_group_irq.o(.text.NMI_Handler) for [Anonymous Symbol]
    bsp_irq.o(.text.bsp_irq_cfg) refers to bsp_irq.o(.rodata.g_interrupt_event_link_select) for g_interrupt_event_link_select
    bsp_irq.o(.ARM.exidx.text.bsp_irq_cfg) refers to bsp_irq.o(.text.bsp_irq_cfg) for [Anonymous Symbol]
    bsp_register_protection.o(.text.R_BSP_RegisterProtectEnable) refers to bsp_register_protection.o(.bss.g_protect_counters) for g_protect_counters
    bsp_register_protection.o(.text.R_BSP_RegisterProtectEnable) refers to bsp_register_protection.o(.rodata.cst8) for [Anonymous Symbol]
    bsp_register_protection.o(.ARM.exidx.text.R_BSP_RegisterProtectEnable) refers to bsp_register_protection.o(.text.R_BSP_RegisterProtectEnable) for [Anonymous Symbol]
    bsp_register_protection.o(.text.R_BSP_RegisterProtectDisable) refers to bsp_register_protection.o(.bss.g_protect_counters) for g_protect_counters
    bsp_register_protection.o(.text.R_BSP_RegisterProtectDisable) refers to bsp_register_protection.o(.rodata.cst8) for [Anonymous Symbol]
    bsp_register_protection.o(.ARM.exidx.text.R_BSP_RegisterProtectDisable) refers to bsp_register_protection.o(.text.R_BSP_RegisterProtectDisable) for [Anonymous Symbol]
    r_ioport.o(.text.R_IOPORT_Open) refers to r_ioport.o(.text.r_ioport_pins_config) for r_ioport_pins_config
    r_ioport.o(.ARM.exidx.text.R_IOPORT_Open) refers to r_ioport.o(.text.R_IOPORT_Open) for [Anonymous Symbol]
    r_ioport.o(.ARM.exidx.text.R_IOPORT_Close) refers to r_ioport.o(.text.R_IOPORT_Close) for [Anonymous Symbol]
    r_ioport.o(.text.R_IOPORT_PinsCfg) refers to r_ioport.o(.text.r_ioport_pins_config) for r_ioport_pins_config
    r_ioport.o(.ARM.exidx.text.R_IOPORT_PinsCfg) refers to r_ioport.o(.text.R_IOPORT_PinsCfg) for [Anonymous Symbol]
    r_ioport.o(.text.R_IOPORT_PinCfg) refers to bsp_io.o(.bss.g_protect_pfswe_counter) for g_protect_pfswe_counter
    r_ioport.o(.ARM.exidx.text.R_IOPORT_PinCfg) refers to r_ioport.o(.text.R_IOPORT_PinCfg) for [Anonymous Symbol]
    r_ioport.o(.ARM.exidx.text.R_IOPORT_PinEventInputRead) refers to r_ioport.o(.text.R_IOPORT_PinEventInputRead) for [Anonymous Symbol]
    r_ioport.o(.ARM.exidx.text.R_IOPORT_PinEventOutputWrite) refers to r_ioport.o(.text.R_IOPORT_PinEventOutputWrite) for [Anonymous Symbol]
    r_ioport.o(.ARM.exidx.text.R_IOPORT_PinRead) refers to r_ioport.o(.text.R_IOPORT_PinRead) for [Anonymous Symbol]
    r_ioport.o(.ARM.exidx.text.R_IOPORT_PinWrite) refers to r_ioport.o(.text.R_IOPORT_PinWrite) for [Anonymous Symbol]
    r_ioport.o(.ARM.exidx.text.R_IOPORT_PortDirectionSet) refers to r_ioport.o(.text.R_IOPORT_PortDirectionSet) for [Anonymous Symbol]
    r_ioport.o(.ARM.exidx.text.R_IOPORT_PortEventInputRead) refers to r_ioport.o(.text.R_IOPORT_PortEventInputRead) for [Anonymous Symbol]
    r_ioport.o(.ARM.exidx.text.R_IOPORT_PortEventOutputWrite) refers to r_ioport.o(.text.R_IOPORT_PortEventOutputWrite) for [Anonymous Symbol]
    r_ioport.o(.ARM.exidx.text.R_IOPORT_PortRead) refers to r_ioport.o(.text.R_IOPORT_PortRead) for [Anonymous Symbol]
    r_ioport.o(.ARM.exidx.text.R_IOPORT_PortWrite) refers to r_ioport.o(.text.R_IOPORT_PortWrite) for [Anonymous Symbol]
    r_ioport.o(.text.r_ioport_pins_config) refers to bsp_io.o(.bss.g_protect_pfswe_counter) for g_protect_pfswe_counter
    r_ioport.o(.ARM.exidx.text.r_ioport_pins_config) refers to r_ioport.o(.text.r_ioport_pins_config) for [Anonymous Symbol]
    r_ioport.o(.rodata.g_ioport_on_ioport) refers to r_ioport.o(.text.R_IOPORT_Open) for R_IOPORT_Open
    r_ioport.o(.rodata.g_ioport_on_ioport) refers to r_ioport.o(.text.R_IOPORT_Close) for R_IOPORT_Close
    r_ioport.o(.rodata.g_ioport_on_ioport) refers to r_ioport.o(.text.R_IOPORT_PinsCfg) for R_IOPORT_PinsCfg
    r_ioport.o(.rodata.g_ioport_on_ioport) refers to r_ioport.o(.text.R_IOPORT_PinCfg) for R_IOPORT_PinCfg
    r_ioport.o(.rodata.g_ioport_on_ioport) refers to r_ioport.o(.text.R_IOPORT_PinEventInputRead) for R_IOPORT_PinEventInputRead
    r_ioport.o(.rodata.g_ioport_on_ioport) refers to r_ioport.o(.text.R_IOPORT_PinEventOutputWrite) for R_IOPORT_PinEventOutputWrite
    r_ioport.o(.rodata.g_ioport_on_ioport) refers to r_ioport.o(.text.R_IOPORT_PinRead) for R_IOPORT_PinRead
    r_ioport.o(.rodata.g_ioport_on_ioport) refers to r_ioport.o(.text.R_IOPORT_PinWrite) for R_IOPORT_PinWrite
    r_ioport.o(.rodata.g_ioport_on_ioport) refers to r_ioport.o(.text.R_IOPORT_PortDirectionSet) for R_IOPORT_PortDirectionSet
    r_ioport.o(.rodata.g_ioport_on_ioport) refers to r_ioport.o(.text.R_IOPORT_PortEventInputRead) for R_IOPORT_PortEventInputRead
    r_ioport.o(.rodata.g_ioport_on_ioport) refers to r_ioport.o(.text.R_IOPORT_PortEventOutputWrite) for R_IOPORT_PortEventOutputWrite
    r_ioport.o(.rodata.g_ioport_on_ioport) refers to r_ioport.o(.text.R_IOPORT_PortRead) for R_IOPORT_PortRead
    r_ioport.o(.rodata.g_ioport_on_ioport) refers to r_ioport.o(.text.R_IOPORT_PortWrite) for R_IOPORT_PortWrite
    common_data.o(.ARM.exidx.text.g_common_init) refers to common_data.o(.text.g_common_init) for [Anonymous Symbol]
    common_data.o(.rodata.g_ioport) refers to common_data.o(.bss.g_ioport_ctrl) for g_ioport_ctrl
    common_data.o(.rodata.g_ioport) refers to pin_data.o(.rodata.g_bsp_pin_cfg) for g_bsp_pin_cfg
    common_data.o(.rodata.g_ioport) refers to r_ioport.o(.rodata.g_ioport_on_ioport) for g_ioport_on_ioport
    hal_data.o(.text.g_hal_init) refers to common_data.o(.text.g_common_init) for g_common_init
    hal_data.o(.ARM.exidx.text.g_hal_init) refers to hal_data.o(.text.g_hal_init) for [Anonymous Symbol]
    main.o(.text.main) refers to hal_entry.o(.text.hal_entry) for hal_entry
    main.o(.ARM.exidx.text.main) refers to main.o(.text.main) for [Anonymous Symbol]
    pin_data.o(.rodata.g_bsp_pin_cfg) refers to pin_data.o(.rodata.g_bsp_pin_cfg_data) for g_bsp_pin_cfg_data


==============================================================================

Removing Unused input sections from the image.

    Removing hal_entry.o(.text), (0 bytes).
    Removing hal_entry.o(.ARM.exidx.text.hal_entry), (8 bytes).
    Removing hal_entry.o(.ARM.exidx.text.R_BSP_WarmStart), (8 bytes).
    Removing key.o(.text), (0 bytes).
    Removing key.o(.ARM.exidx.text.KEY_Scan), (8 bytes).
    Removing led.o(.text), (0 bytes).
    Removing led.o(.ARM.exidx.text.led_flip), (8 bytes).
    Removing led.o(.text.led_1_flicker), (68 bytes).
    Removing led.o(.ARM.exidx.text.led_1_flicker), (8 bytes).
    Removing led.o(.text.led_2_flicker), (68 bytes).
    Removing led.o(.ARM.exidx.text.led_2_flicker), (8 bytes).
    Removing startup.o(.text), (0 bytes).
    Removing startup.o(.ARM.exidx.text.Reset_Handler), (8 bytes).
    Removing startup.o(.ARM.exidx.text.Default_Handler), (8 bytes).
    Removing system.o(.text), (0 bytes).
    Removing system.o(.ARM.exidx.text.SystemInit), (8 bytes).
    Removing system.o(.text.R_BSP_WarmStart), (2 bytes).
    Removing system.o(.ARM.exidx.text.R_BSP_WarmStart), (8 bytes).
    Removing bsp_clocks.o(.text), (0 bytes).
    Removing bsp_clocks.o(.text.bsp_prv_operating_mode_set), (48 bytes).
    Removing bsp_clocks.o(.ARM.exidx.text.bsp_prv_operating_mode_set), (8 bytes).
    Removing bsp_clocks.o(.ARM.exidx.text.bsp_prv_operating_mode_opccr_set), (8 bytes).
    Removing bsp_clocks.o(.ARM.exidx.text.SystemCoreClockUpdate), (8 bytes).
    Removing bsp_clocks.o(.text.prv_clock_dividers_set), (12 bytes).
    Removing bsp_clocks.o(.ARM.exidx.text.prv_clock_dividers_set), (8 bytes).
    Removing bsp_clocks.o(.text.bsp_prv_clock_set), (100 bytes).
    Removing bsp_clocks.o(.ARM.exidx.text.bsp_prv_clock_set), (8 bytes).
    Removing bsp_clocks.o(.ARM.exidx.text.bsp_clock_init), (8 bytes).
    Removing bsp_clocks.o(.text.R_BSP_SubClockStabilizeWait), (8 bytes).
    Removing bsp_clocks.o(.ARM.exidx.text.R_BSP_SubClockStabilizeWait), (8 bytes).
    Removing bsp_clocks.o(.text.R_BSP_OctaclkUpdate), (2 bytes).
    Removing bsp_clocks.o(.ARM.exidx.text.R_BSP_OctaclkUpdate), (8 bytes).
    Removing bsp_clocks.o(.text.R_BSP_SourceClockHzGet), (12 bytes).
    Removing bsp_clocks.o(.ARM.exidx.text.R_BSP_SourceClockHzGet), (8 bytes).
    Removing bsp_clocks.o(.ARM.exidx.text.R_BSP_Init_RTC), (8 bytes).
    Removing bsp_common.o(.text), (0 bytes).
    Removing bsp_common.o(.ARM.exidx.text.bsp_init_internal), (8 bytes).
    Removing bsp_common.o(.text.R_FSP_VersionGet), (12 bytes).
    Removing bsp_common.o(.ARM.exidx.text.R_FSP_VersionGet), (8 bytes).
    Removing bsp_common.o(.text.__aeabi_assert), (4 bytes).
    Removing bsp_common.o(.ARM.exidx.text.__aeabi_assert), (8 bytes).
    Removing bsp_delay.o(.text), (0 bytes).
    Removing bsp_delay.o(.ARM.exidx.text.R_BSP_SoftwareDelay), (8 bytes).
    Removing bsp_delay.o(.ARM.exidx.text.bsp_prv_software_delay_loop), (8 bytes).
    Removing bsp_group_irq.o(.text), (0 bytes).
    Removing bsp_group_irq.o(.text.R_BSP_GroupIrqWrite), (16 bytes).
    Removing bsp_group_irq.o(.ARM.exidx.text.R_BSP_GroupIrqWrite), (8 bytes).
    Removing bsp_group_irq.o(.ARM.exidx.text.NMI_Handler), (8 bytes).
    Removing bsp_guard.o(.text), (0 bytes).
    Removing bsp_io.o(.text), (0 bytes).
    Removing bsp_irq.o(.text), (0 bytes).
    Removing bsp_irq.o(.ARM.exidx.text.bsp_irq_cfg), (8 bytes).
    Removing bsp_irq.o(.bss.gp_renesas_isr_context), (128 bytes).
    Removing bsp_register_protection.o(.text), (0 bytes).
    Removing bsp_register_protection.o(.ARM.exidx.text.R_BSP_RegisterProtectEnable), (8 bytes).
    Removing bsp_register_protection.o(.ARM.exidx.text.R_BSP_RegisterProtectDisable), (8 bytes).
    Removing bsp_rom_registers.o(.text), (0 bytes).
    Removing bsp_sbrk.o(.text), (0 bytes).
    Removing bsp_security.o(.text), (0 bytes).
    Removing r_ioport.o(.text), (0 bytes).
    Removing r_ioport.o(.ARM.exidx.text.R_IOPORT_Open), (8 bytes).
    Removing r_ioport.o(.ARM.exidx.text.R_IOPORT_Close), (8 bytes).
    Removing r_ioport.o(.ARM.exidx.text.R_IOPORT_PinsCfg), (8 bytes).
    Removing r_ioport.o(.ARM.exidx.text.R_IOPORT_PinCfg), (8 bytes).
    Removing r_ioport.o(.ARM.exidx.text.R_IOPORT_PinEventInputRead), (8 bytes).
    Removing r_ioport.o(.ARM.exidx.text.R_IOPORT_PinEventOutputWrite), (8 bytes).
    Removing r_ioport.o(.ARM.exidx.text.R_IOPORT_PinRead), (8 bytes).
    Removing r_ioport.o(.ARM.exidx.text.R_IOPORT_PinWrite), (8 bytes).
    Removing r_ioport.o(.ARM.exidx.text.R_IOPORT_PortDirectionSet), (8 bytes).
    Removing r_ioport.o(.ARM.exidx.text.R_IOPORT_PortEventInputRead), (8 bytes).
    Removing r_ioport.o(.ARM.exidx.text.R_IOPORT_PortEventOutputWrite), (8 bytes).
    Removing r_ioport.o(.ARM.exidx.text.R_IOPORT_PortRead), (8 bytes).
    Removing r_ioport.o(.ARM.exidx.text.R_IOPORT_PortWrite), (8 bytes).
    Removing r_ioport.o(.ARM.exidx.text.r_ioport_pins_config), (8 bytes).
    Removing common_data.o(.text), (0 bytes).
    Removing common_data.o(.text.g_common_init), (2 bytes).
    Removing common_data.o(.ARM.exidx.text.g_common_init), (8 bytes).
    Removing hal_data.o(.text), (0 bytes).
    Removing hal_data.o(.text.g_hal_init), (4 bytes).
    Removing hal_data.o(.ARM.exidx.text.g_hal_init), (8 bytes).
    Removing main.o(.text), (0 bytes).
    Removing main.o(.ARM.exidx.text.main), (8 bytes).
    Removing main.o(.ARM.use_no_argv), (4 bytes).
    Removing pin_data.o(.text), (0 bytes).
    Removing vector_data.o(.text), (0 bytes).

85 unused section(s) (total 866 bytes) removed from the image.

==============================================================================

Image Symbol Table

    Local Symbols

    Symbol Name                              Value     Ov Type        Size  Object(Section)

    ../clib/longlong.c                       0x00000000   Number         0  llmul.o ABSOLUTE
    ../clib/microlib/string/memcpy.c         0x00000000   Number         0  memcpya.o ABSOLUTE
    ../clib/microlib/string/memcpy.c         0x00000000   Number         0  memcpyb.o ABSOLUTE
    ../clib/microlib/string/memset.c         0x00000000   Number         0  memseta.o ABSOLUTE
    __tagsym$$used.1                         0x00000000   Number         0  startup.o(.fixed_vectors)
    bsp_clocks.c                             0x00000000   Number         0  bsp_clocks.o ABSOLUTE
    bsp_common.c                             0x00000000   Number         0  bsp_common.o ABSOLUTE
    bsp_delay.c                              0x00000000   Number         0  bsp_delay.o ABSOLUTE
    bsp_group_irq.c                          0x00000000   Number         0  bsp_group_irq.o ABSOLUTE
    bsp_guard.c                              0x00000000   Number         0  bsp_guard.o ABSOLUTE
    bsp_io.c                                 0x00000000   Number         0  bsp_io.o ABSOLUTE
    bsp_irq.c                                0x00000000   Number         0  bsp_irq.o ABSOLUTE
    bsp_register_protection.c                0x00000000   Number         0  bsp_register_protection.o ABSOLUTE
    bsp_rom_registers.c                      0x00000000   Number         0  bsp_rom_registers.o ABSOLUTE
    bsp_sbrk.c                               0x00000000   Number         0  bsp_sbrk.o ABSOLUTE
    bsp_security.c                           0x00000000   Number         0  bsp_security.o ABSOLUTE
    common_data.c                            0x00000000   Number         0  common_data.o ABSOLUTE
    dc.s                                     0x00000000   Number         0  dc.o ABSOLUTE
    hal_data.c                               0x00000000   Number         0  hal_data.o ABSOLUTE
    hal_entry.c                              0x00000000   Number         0  hal_entry.o ABSOLUTE
    key.c                                    0x00000000   Number         0  key.o ABSOLUTE
    led.c                                    0x00000000   Number         0  led.o ABSOLUTE
    main.c                                   0x00000000   Number         0  main.o ABSOLUTE
    pin_data.c                               0x00000000   Number         0  pin_data.o ABSOLUTE
    r_ioport.c                               0x00000000   Number         0  r_ioport.o ABSOLUTE
    startup.c                                0x00000000   Number         0  startup.o ABSOLUTE
    system.c                                 0x00000000   Number         0  system.o ABSOLUTE
    vector_data.c                            0x00000000   Number         0  vector_data.o ABSOLUTE
    __tagsym$$used.1                         0x00000400   Number         0  bsp_rom_registers.o(.rom_registers)
    g_bsp_rom_registers                      0x00000400   Data          60  bsp_rom_registers.o(.rom_registers)
    [Anonymous Symbol]                       0x00000400   Section        0  bsp_rom_registers.o(.rom_registers)
    .text                                    0x00000500   Section        0  llmul.o(.text)
    .text                                    0x00000530   Section        0  memcpya.o(.text)
    .text                                    0x00000554   Section        0  memseta.o(.text)
    [Anonymous Symbol]                       0x00000578   Section        0  startup.o(.text.Default_Handler)
    [Anonymous Symbol]                       0x0000057c   Section        0  key.o(.text.KEY_Scan)
    __arm_cp.0_0                             0x000005dc   Number         4  key.o(.text.KEY_Scan)
    [Anonymous Symbol]                       0x000005e0   Section        0  bsp_group_irq.o(.text.NMI_Handler)
    __arm_cp.1_0                             0x0000060c   Number         4  bsp_group_irq.o(.text.NMI_Handler)
    __arm_cp.1_1                             0x00000610   Number         4  bsp_group_irq.o(.text.NMI_Handler)
    [Anonymous Symbol]                       0x00000614   Section        0  bsp_clocks.o(.text.R_BSP_Init_RTC)
    __arm_cp.9_0                             0x00000640   Number         4  bsp_clocks.o(.text.R_BSP_Init_RTC)
    [Anonymous Symbol]                       0x00000644   Section        0  bsp_register_protection.o(.text.R_BSP_RegisterProtectDisable)
    [Anonymous Symbol]                       0x00000678   Section        0  bsp_register_protection.o(.text.R_BSP_RegisterProtectEnable)
    __arm_cp.0_0                             0x000006b0   Number         4  bsp_register_protection.o(.text.R_BSP_RegisterProtectEnable)
    __arm_cp.0_1                             0x000006b4   Number         4  bsp_register_protection.o(.text.R_BSP_RegisterProtectEnable)
    __arm_cp.0_2                             0x000006b8   Number         4  bsp_register_protection.o(.text.R_BSP_RegisterProtectEnable)
    [Anonymous Symbol]                       0x000006bc   Section        0  bsp_delay.o(.text.R_BSP_SoftwareDelay)
    __arm_cp.0_1                             0x00000714   Number         4  bsp_delay.o(.text.R_BSP_SoftwareDelay)
    [Anonymous Symbol]                       0x00000718   Section        0  hal_entry.o(.text.R_BSP_WarmStart)
    __arm_cp.1_0                             0x00000730   Number         4  hal_entry.o(.text.R_BSP_WarmStart)
    __arm_cp.1_1                             0x00000734   Number         4  hal_entry.o(.text.R_BSP_WarmStart)
    __arm_cp.1_2                             0x00000738   Number         4  hal_entry.o(.text.R_BSP_WarmStart)
    [Anonymous Symbol]                       0x0000073c   Section        0  r_ioport.o(.text.R_IOPORT_Close)
    [Anonymous Symbol]                       0x00000744   Section        0  r_ioport.o(.text.R_IOPORT_Open)
    __arm_cp.0_0                             0x00000754   Number         4  r_ioport.o(.text.R_IOPORT_Open)
    [Anonymous Symbol]                       0x00000758   Section        0  r_ioport.o(.text.R_IOPORT_PinCfg)
    __arm_cp.3_0                             0x000007d4   Number         4  r_ioport.o(.text.R_IOPORT_PinCfg)
    __arm_cp.3_1                             0x000007d8   Number         4  r_ioport.o(.text.R_IOPORT_PinCfg)
    __arm_cp.3_3                             0x000007dc   Number         4  r_ioport.o(.text.R_IOPORT_PinCfg)
    [Anonymous Symbol]                       0x000007e0   Section        0  r_ioport.o(.text.R_IOPORT_PinEventInputRead)
    [Anonymous Symbol]                       0x00000800   Section        0  r_ioport.o(.text.R_IOPORT_PinEventOutputWrite)
    __arm_cp.5_1                             0x00000848   Number         4  r_ioport.o(.text.R_IOPORT_PinEventOutputWrite)
    __arm_cp.5_2                             0x0000084c   Number         4  r_ioport.o(.text.R_IOPORT_PinEventOutputWrite)
    [Anonymous Symbol]                       0x00000850   Section        0  r_ioport.o(.text.R_IOPORT_PinRead)
    [Anonymous Symbol]                       0x00000868   Section        0  r_ioport.o(.text.R_IOPORT_PinWrite)
    [Anonymous Symbol]                       0x00000888   Section        0  r_ioport.o(.text.R_IOPORT_PinsCfg)
    [Anonymous Symbol]                       0x00000894   Section        0  r_ioport.o(.text.R_IOPORT_PortDirectionSet)
    __arm_cp.8_0                             0x000008b4   Number         4  r_ioport.o(.text.R_IOPORT_PortDirectionSet)
    [Anonymous Symbol]                       0x000008b8   Section        0  r_ioport.o(.text.R_IOPORT_PortEventInputRead)
    [Anonymous Symbol]                       0x000008cc   Section        0  r_ioport.o(.text.R_IOPORT_PortEventOutputWrite)
    __arm_cp.10_0                            0x000008e8   Number         4  r_ioport.o(.text.R_IOPORT_PortEventOutputWrite)
    [Anonymous Symbol]                       0x000008ec   Section        0  r_ioport.o(.text.R_IOPORT_PortRead)
    __arm_cp.11_0                            0x00000900   Number         4  r_ioport.o(.text.R_IOPORT_PortRead)
    [Anonymous Symbol]                       0x00000904   Section        0  r_ioport.o(.text.R_IOPORT_PortWrite)
    __arm_cp.12_0                            0x00000920   Number         4  r_ioport.o(.text.R_IOPORT_PortWrite)
    [Anonymous Symbol]                       0x00000924   Section        0  startup.o(.text.Reset_Handler)
    [Anonymous Symbol]                       0x00000930   Section        0  bsp_clocks.o(.text.SystemCoreClockUpdate)
    __arm_cp.2_2                             0x00000948   Number         4  bsp_clocks.o(.text.SystemCoreClockUpdate)
    [Anonymous Symbol]                       0x0000094c   Section        0  system.o(.text.SystemInit)
    __arm_cp.0_0                             0x00000a34   Number         4  system.o(.text.SystemInit)
    __arm_cp.0_1                             0x00000a38   Number         4  system.o(.text.SystemInit)
    __arm_cp.0_2                             0x00000a3c   Number         4  system.o(.text.SystemInit)
    __arm_cp.0_3                             0x00000a40   Number         4  system.o(.text.SystemInit)
    __arm_cp.0_4                             0x00000a44   Number         4  system.o(.text.SystemInit)
    __arm_cp.0_5                             0x00000a48   Number         4  system.o(.text.SystemInit)
    __arm_cp.0_6                             0x00000a4c   Number         4  system.o(.text.SystemInit)
    __arm_cp.0_7                             0x00000a50   Number         4  system.o(.text.SystemInit)
    __arm_cp.0_8                             0x00000a54   Number         4  system.o(.text.SystemInit)
    __arm_cp.0_9                             0x00000a58   Number         4  system.o(.text.SystemInit)
    __arm_cp.0_10                            0x00000a5c   Number         4  system.o(.text.SystemInit)
    __arm_cp.0_11                            0x00000a60   Number         4  system.o(.text.SystemInit)
    __arm_cp.0_12                            0x00000a64   Number         4  system.o(.text.SystemInit)
    [Anonymous Symbol]                       0x00000a68   Section        0  bsp_clocks.o(.text.bsp_clock_init)
    __arm_cp.5_0                             0x00000b00   Number         4  bsp_clocks.o(.text.bsp_clock_init)
    __arm_cp.5_1                             0x00000b04   Number         4  bsp_clocks.o(.text.bsp_clock_init)
    __arm_cp.5_2                             0x00000b08   Number         4  bsp_clocks.o(.text.bsp_clock_init)
    __arm_cp.5_3                             0x00000b0c   Number         4  bsp_clocks.o(.text.bsp_clock_init)
    __arm_cp.5_4                             0x00000b10   Number         4  bsp_clocks.o(.text.bsp_clock_init)
    __arm_cp.5_5                             0x00000b14   Number         4  bsp_clocks.o(.text.bsp_clock_init)
    __arm_cp.5_6                             0x00000b18   Number         4  bsp_clocks.o(.text.bsp_clock_init)
    __arm_cp.5_7                             0x00000b1c   Number         4  bsp_clocks.o(.text.bsp_clock_init)
    __arm_cp.5_8                             0x00000b20   Number         4  bsp_clocks.o(.text.bsp_clock_init)
    __arm_cp.5_9                             0x00000b24   Number         4  bsp_clocks.o(.text.bsp_clock_init)
    __arm_cp.5_10                            0x00000b28   Number         4  bsp_clocks.o(.text.bsp_clock_init)
    __arm_cp.5_11                            0x00000b2c   Number         4  bsp_clocks.o(.text.bsp_clock_init)
    [Anonymous Symbol]                       0x00000b30   Section        0  bsp_common.o(.text.bsp_init_internal)
    [Anonymous Symbol]                       0x00000b34   Section        0  bsp_irq.o(.text.bsp_irq_cfg)
    __arm_cp.0_0                             0x00000b48   Number         4  bsp_irq.o(.text.bsp_irq_cfg)
    __arm_cp.0_1                             0x00000b4c   Number         4  bsp_irq.o(.text.bsp_irq_cfg)
    bsp_prv_operating_mode_opccr_set         0x00000b51   Thumb Code    36  bsp_clocks.o(.text.bsp_prv_operating_mode_opccr_set)
    [Anonymous Symbol]                       0x00000b50   Section        0  bsp_clocks.o(.text.bsp_prv_operating_mode_opccr_set)
    __arm_cp.1_0                             0x00000b74   Number         4  bsp_clocks.o(.text.bsp_prv_operating_mode_opccr_set)
    __arm_cp.1_1                             0x00000b78   Number         4  bsp_clocks.o(.text.bsp_prv_operating_mode_opccr_set)
    sw_delay_loop                            0x00000b7c   Number         0  bsp_delay.o(.text.bsp_prv_software_delay_loop)
    [Anonymous Symbol]                       0x00000b7c   Section        0  bsp_delay.o(.text.bsp_prv_software_delay_loop)
    [Anonymous Symbol]                       0x00000b84   Section        0  hal_entry.o(.text.hal_entry)
    [Anonymous Symbol]                       0x00000b9c   Section        0  led.o(.text.led_flip)
    __arm_cp.0_0                             0x00000bc4   Number         4  led.o(.text.led_flip)
    __arm_cp.0_1                             0x00000bc8   Number         4  led.o(.text.led_flip)
    __arm_cp.0_2                             0x00000bcc   Number         4  led.o(.text.led_flip)
    __arm_cp.0_3                             0x00000bd0   Number         4  led.o(.text.led_flip)
    __arm_cp.0_4                             0x00000bd4   Number         4  led.o(.text.led_flip)
    [Anonymous Symbol]                       0x00000bd8   Section        0  main.o(.text.main)
    r_ioport_pins_config                     0x00000be5   Thumb Code   164  r_ioport.o(.text.r_ioport_pins_config)
    [Anonymous Symbol]                       0x00000be4   Section        0  r_ioport.o(.text.r_ioport_pins_config)
    __arm_cp.13_0                            0x00000c88   Number         4  r_ioport.o(.text.r_ioport_pins_config)
    __arm_cp.13_1                            0x00000c8c   Number         4  r_ioport.o(.text.r_ioport_pins_config)
    __arm_cp.13_2                            0x00000c90   Number         4  r_ioport.o(.text.r_ioport_pins_config)
    __arm_cp.13_3                            0x00000c94   Number         4  r_ioport.o(.text.r_ioport_pins_config)
    g_prcr_masks                             0x00000c98   Data           8  bsp_register_protection.o(.rodata.cst8)
    [Anonymous Symbol]                       0x00000c98   Section        0  bsp_register_protection.o(.rodata.cst8)
    __tagsym$$used.0                         0x00000d88   Number         0  bsp_common.o(.version)
    g_fsp_version                            0x00000d88   Data           4  bsp_common.o(.version)
    [Anonymous Symbol]                       0x00000d88   Section        0  bsp_common.o(.version)
    __tagsym$$used.1                         0x00000d8c   Number         0  bsp_common.o(.version)
    g_fsp_version_string                     0x00000d8c   Data           6  bsp_common.o(.version)
    [Anonymous Symbol]                       0x00000d8c   Section        0  bsp_common.o(.version)
    __tagsym$$used.2                         0x00000d92   Number         0  bsp_common.o(.version)
    g_fsp_version_build_string               0x00000d92   Data          68  bsp_common.o(.version)
    [Anonymous Symbol]                       0x00000d92   Section        0  bsp_common.o(.version)
    __tagsym$$used.0                         0x01010018   Number         0  bsp_rom_registers.o(.id_code)
    g_bsp_id_codes                           0x01010018   Data          28  bsp_rom_registers.o(.id_code)
    [Anonymous Symbol]                       0x01010018   Section        0  bsp_rom_registers.o(.id_code)
    KEY_Scan.S1_up                           0x20004000   Data           1  key.o(.bss.KEY_Scan.S1_up)
    [Anonymous Symbol]                       0x20004000   Section        0  key.o(.bss.KEY_Scan.S1_up)
    led_flip.led1_flag                       0x2000405c   Data           1  led.o(.bss.led_flip.led1_flag)
    [Anonymous Symbol]                       0x2000405c   Section        0  led.o(.bss.led_flip.led1_flag)
    led_flip.led2_flag                       0x2000405d   Data           1  led.o(.bss.led_flip.led2_flag)
    [Anonymous Symbol]                       0x2000405d   Section        0  led.o(.bss.led_flip.led2_flag)
    __tagsym$$used.0                         0x20004060   Number         0  bsp_clocks.o(.bss.noinit)
    g_clock_freq                             0x20004060   Data          20  bsp_clocks.o(.bss.noinit)
    [Anonymous Symbol]                       0x20004060   Section        0  bsp_clocks.o(.bss.noinit)
    __tagsym$$used.0                         0x20004078   Number         0  startup.o(.bss.stack)
    g_main_stack                             0x20004078   Data        1024  startup.o(.bss.stack)
    [Anonymous Symbol]                       0x20004078   Section        0  startup.o(.bss.stack)

    Global Symbols

    Symbol Name                              Value     Ov Type        Size  Object(Section)

    BuildAttributes$$THM_ISAv3M$S$8M$PE$A:L22$X:L11$S22$IEEE1$IW$USESV6$~STKCKD$USESV7$WCHAR32$ENUMINT$~SHL$OSPACE$MICROLIB$REQ8$PRES8$EABIv2 0x00000000   Number         0  anon$$obj.o ABSOLUTE
    Image$$DATA$$Length                      0x00000000   Number         0  anon$$obj.o ABSOLUTE
    __Vectors                                0x00000000   Data          64  startup.o(.fixed_vectors)
    Image$$BSS$$ZI$$Length                   0x00000060   Number         0  anon$$obj.o ABSOLUTE
    Image$$INIT_ARRAY$$Base                  0x00000500   Number         0  anon$$obj.o ABSOLUTE
    Image$$INIT_ARRAY$$Limit                 0x00000500   Number         0  anon$$obj.o ABSOLUTE
    __aeabi_lmul                             0x00000501   Thumb Code    48  llmul.o(.text)
    _ll_mul                                  0x00000501   Thumb Code     0  llmul.o(.text)
    __aeabi_memcpy                           0x00000531   Thumb Code    36  memcpya.o(.text)
    __aeabi_memcpy4                          0x00000531   Thumb Code     0  memcpya.o(.text)
    __aeabi_memcpy8                          0x00000531   Thumb Code     0  memcpya.o(.text)
    __aeabi_memset                           0x00000555   Thumb Code    14  memseta.o(.text)
    __aeabi_memset4                          0x00000555   Thumb Code     0  memseta.o(.text)
    __aeabi_memset8                          0x00000555   Thumb Code     0  memseta.o(.text)
    __aeabi_memclr                           0x00000563   Thumb Code     4  memseta.o(.text)
    __aeabi_memclr4                          0x00000563   Thumb Code     0  memseta.o(.text)
    __aeabi_memclr8                          0x00000563   Thumb Code     0  memseta.o(.text)
    _memset$wrapper                          0x00000567   Thumb Code    18  memseta.o(.text)
    BusFault_Handler                         0x00000579   Thumb Code     4  startup.o(.text.Default_Handler)
    DebugMon_Handler                         0x00000579   Thumb Code     4  startup.o(.text.Default_Handler)
    Default_Handler                          0x00000579   Thumb Code     4  startup.o(.text.Default_Handler)
    HardFault_Handler                        0x00000579   Thumb Code     4  startup.o(.text.Default_Handler)
    MemManage_Handler                        0x00000579   Thumb Code     4  startup.o(.text.Default_Handler)
    PendSV_Handler                           0x00000579   Thumb Code     4  startup.o(.text.Default_Handler)
    SVC_Handler                              0x00000579   Thumb Code     4  startup.o(.text.Default_Handler)
    SecureFault_Handler                      0x00000579   Thumb Code     4  startup.o(.text.Default_Handler)
    SysTick_Handler                          0x00000579   Thumb Code     4  startup.o(.text.Default_Handler)
    UsageFault_Handler                       0x00000579   Thumb Code     4  startup.o(.text.Default_Handler)
    KEY_Scan                                 0x0000057d   Thumb Code    96  key.o(.text.KEY_Scan)
    NMI_Handler                              0x000005e1   Thumb Code    44  bsp_group_irq.o(.text.NMI_Handler)
    R_BSP_Init_RTC                           0x00000615   Thumb Code    44  bsp_clocks.o(.text.R_BSP_Init_RTC)
    R_BSP_RegisterProtectDisable             0x00000645   Thumb Code    52  bsp_register_protection.o(.text.R_BSP_RegisterProtectDisable)
    R_BSP_RegisterProtectEnable              0x00000679   Thumb Code    56  bsp_register_protection.o(.text.R_BSP_RegisterProtectEnable)
    R_BSP_SoftwareDelay                      0x000006bd   Thumb Code    88  bsp_delay.o(.text.R_BSP_SoftwareDelay)
    R_BSP_WarmStart                          0x00000719   Thumb Code    24  hal_entry.o(.text.R_BSP_WarmStart)
    R_IOPORT_Close                           0x0000073d   Thumb Code     8  r_ioport.o(.text.R_IOPORT_Close)
    R_IOPORT_Open                            0x00000745   Thumb Code    16  r_ioport.o(.text.R_IOPORT_Open)
    R_IOPORT_PinCfg                          0x00000759   Thumb Code   124  r_ioport.o(.text.R_IOPORT_PinCfg)
    R_IOPORT_PinEventInputRead               0x000007e1   Thumb Code    32  r_ioport.o(.text.R_IOPORT_PinEventInputRead)
    R_IOPORT_PinEventOutputWrite             0x00000801   Thumb Code    72  r_ioport.o(.text.R_IOPORT_PinEventOutputWrite)
    R_IOPORT_PinRead                         0x00000851   Thumb Code    24  r_ioport.o(.text.R_IOPORT_PinRead)
    R_IOPORT_PinWrite                        0x00000869   Thumb Code    32  r_ioport.o(.text.R_IOPORT_PinWrite)
    R_IOPORT_PinsCfg                         0x00000889   Thumb Code    12  r_ioport.o(.text.R_IOPORT_PinsCfg)
    R_IOPORT_PortDirectionSet                0x00000895   Thumb Code    32  r_ioport.o(.text.R_IOPORT_PortDirectionSet)
    R_IOPORT_PortEventInputRead              0x000008b9   Thumb Code    20  r_ioport.o(.text.R_IOPORT_PortEventInputRead)
    R_IOPORT_PortEventOutputWrite            0x000008cd   Thumb Code    28  r_ioport.o(.text.R_IOPORT_PortEventOutputWrite)
    R_IOPORT_PortRead                        0x000008ed   Thumb Code    20  r_ioport.o(.text.R_IOPORT_PortRead)
    R_IOPORT_PortWrite                       0x00000905   Thumb Code    28  r_ioport.o(.text.R_IOPORT_PortWrite)
    Reset_Handler                            0x00000925   Thumb Code    10  startup.o(.text.Reset_Handler)
    SystemCoreClockUpdate                    0x00000931   Thumb Code    24  bsp_clocks.o(.text.SystemCoreClockUpdate)
    SystemInit                               0x0000094d   Thumb Code   232  system.o(.text.SystemInit)
    bsp_clock_init                           0x00000a69   Thumb Code   152  bsp_clocks.o(.text.bsp_clock_init)
    bsp_init                                 0x00000b31   Thumb Code     2  bsp_common.o(.text.bsp_init_internal)
    bsp_init_internal                        0x00000b31   Thumb Code     2  bsp_common.o(.text.bsp_init_internal)
    bsp_irq_cfg                              0x00000b35   Thumb Code    20  bsp_irq.o(.text.bsp_irq_cfg)
    bsp_prv_software_delay_loop              0x00000b7d   Thumb Code     8  bsp_delay.o(.text.bsp_prv_software_delay_loop)
    hal_entry                                0x00000b85   Thumb Code    24  hal_entry.o(.text.hal_entry)
    led_flip                                 0x00000b9d   Thumb Code    40  led.o(.text.led_flip)
    main                                     0x00000bd9   Thumb Code    10  main.o(.text.main)
    g_bsp_pin_cfg                            0x00000ca0   Data           8  pin_data.o(.rodata.g_bsp_pin_cfg)
    g_bsp_pin_cfg_data                       0x00000ca8   Data          32  pin_data.o(.rodata.g_bsp_pin_cfg_data)
    g_interrupt_event_link_select            0x00000cc8   Data         128  bsp_irq.o(.rodata.g_interrupt_event_link_select)
    g_ioport                                 0x00000d48   Data          12  common_data.o(.rodata.g_ioport)
    g_ioport_on_ioport                       0x00000d54   Data          52  r_ioport.o(.rodata.g_ioport_on_ioport)
    Load$$DATA$$Base                         0x00000dd8   Number         0  anon$$obj.o ABSOLUTE
    Image$$BSS$$ZI$$Base                     0x20004000   Number         0  anon$$obj.o ABSOLUTE
    Image$$DATA$$Base                        0x20004000   Number         0  anon$$obj.o ABSOLUTE
    SystemCoreClock                          0x20004004   Data           4  system.o(.bss.SystemCoreClock)
    g_bsp_group_irq_sources                  0x20004008   Data          64  bsp_group_irq.o(.bss.g_bsp_group_irq_sources)
    g_ioport_ctrl                            0x20004048   Data           8  common_data.o(.bss.g_ioport_ctrl)
    g_protect_counters                       0x20004050   Data           8  bsp_register_protection.o(.bss.g_protect_counters)
    g_protect_pfswe_counter                  0x20004058   Data           4  bsp_io.o(.bss.g_protect_pfswe_counter)



==============================================================================

Memory Map of the image

  Image Entry point : 0x00000925

  Load Region LOAD_REGION_FLASH (Base: 0x00000000, Size: 0x00000dd8, Max: 0x00020000, ABSOLUTE)

    Execution Region __tz_FLASH_S (Exec base: 0x00000000, Load base: 0x00000000, Size: 0x00000000, Max: 0x00000000, ABSOLUTE)

    Exec Addr    Load Addr    Size         Type   Attr      Idx    E Section Name        Object

    0x00000000        -       0x00000000   Zero   RW            1    __tz_FLASH_S.bss    anon$$obj.o


    Execution Region VECTORS (Exec base: 0x00000000, Load base: 0x00000000, Size: 0x00000040, Max: 0xffffffff, ABSOLUTE, FIXED)

    Exec Addr    Load Addr    Size         Type   Attr      Idx    E Section Name        Object

    0x00000000   0x00000000   0x00000040   Data   RO           68    .fixed_vectors      startup.o


    Execution Region VECTORS_FILL (Exec base: 0x00000040, Load base: 0x00000040, Size: 0x000003c0, Max: 0x000003c0, ABSOLUTE, FIXED)

    Exec Addr    Load Addr    Size         Type   Attr      Idx    E Section Name        Object

    0x00000040        -       0x000003c0   Zero   RW            2    VECTORS_FILL.bss    anon$$obj.o


    Execution Region ROM_REGISTERS (Exec base: 0x00000400, Load base: 0x00000400, Size: 0x0000003c, Max: 0xffffffff, ABSOLUTE, FIXED)

    Exec Addr    Load Addr    Size         Type   Attr      Idx    E Section Name        Object

    0x00000400   0x00000400   0x0000003c   Data   RO          193    .rom_registers      bsp_rom_registers.o


    Execution Region ROM_REGISTERS_FILL (Exec base: 0x0000043c, Load base: 0x0000043c, Size: 0x000000c4, Max: 0x000000c4, ABSOLUTE, FIXED)

    Exec Addr    Load Addr    Size         Type   Attr      Idx    E Section Name        Object

    0x0000043c        -       0x000000c4   Zero   RW            3    ROM_REGISTERS_FILL.bss  anon$$obj.o


    Execution Region MCUBOOT_SCE9_KEY (Exec base: 0x00000500, Load base: 0x00000500, Size: 0x00000000, Max: 0xffffffff, ABSOLUTE, FIXED)

    **** No section assigned to this execution region ****


    Execution Region INIT_ARRAY (Exec base: 0x00000500, Load base: 0x00000500, Size: 0x00000000, Max: 0xffffffff, ABSOLUTE, FIXED)

    **** No section assigned to this execution region ****


    Execution Region USB_DESC_FS (Exec base: 0x00000500, Load base: 0x00000500, Size: 0x00000000, Max: 0xffffffff, ABSOLUTE, FIXED)

    **** No section assigned to this execution region ****


    Execution Region RO_CODE_DATA (Exec base: 0x00000500, Load base: 0x00000500, Size: 0x000008d8, Max: 0xffffffff, ABSOLUTE, FIXED)

    Exec Addr    Load Addr    Size         Type   Attr      Idx    E Section Name        Object

    0x00000500   0x00000500   0x00000030   Code   RO          274    .text               mc_p.l(llmul.o)
    0x00000530   0x00000530   0x00000024   Code   RO          276    .text               mc_p.l(memcpya.o)
    0x00000554   0x00000554   0x00000024   Code   RO          278    .text               mc_p.l(memseta.o)
    0x00000578   0x00000578   0x00000004   Code   RO           65    .text.Default_Handler  startup.o
    0x0000057c   0x0000057c   0x00000064   Code   RO           37    .text.KEY_Scan      key.o
    0x000005e0   0x000005e0   0x00000034   Code   RO          149    .text.NMI_Handler   bsp_group_irq.o
    0x00000614   0x00000614   0x00000030   Code   RO          107    .text.R_BSP_Init_RTC  bsp_clocks.o
    0x00000644   0x00000644   0x00000034   Code   RO          180    .text.R_BSP_RegisterProtectDisable  bsp_register_protection.o
    0x00000678   0x00000678   0x00000044   Code   RO          178    .text.R_BSP_RegisterProtectEnable  bsp_register_protection.o
    0x000006bc   0x000006bc   0x0000005c   Code   RO          135    .text.R_BSP_SoftwareDelay  bsp_delay.o
    0x00000718   0x00000718   0x00000024   Code   RO           27    .text.R_BSP_WarmStart  hal_entry.o
    0x0000073c   0x0000073c   0x00000008   Code   RO          203    .text.R_IOPORT_Close  r_ioport.o
    0x00000744   0x00000744   0x00000014   Code   RO          201    .text.R_IOPORT_Open  r_ioport.o
    0x00000758   0x00000758   0x00000088   Code   RO          207    .text.R_IOPORT_PinCfg  r_ioport.o
    0x000007e0   0x000007e0   0x00000020   Code   RO          209    .text.R_IOPORT_PinEventInputRead  r_ioport.o
    0x00000800   0x00000800   0x00000050   Code   RO          211    .text.R_IOPORT_PinEventOutputWrite  r_ioport.o
    0x00000850   0x00000850   0x00000018   Code   RO          213    .text.R_IOPORT_PinRead  r_ioport.o
    0x00000868   0x00000868   0x00000020   Code   RO          215    .text.R_IOPORT_PinWrite  r_ioport.o
    0x00000888   0x00000888   0x0000000c   Code   RO          205    .text.R_IOPORT_PinsCfg  r_ioport.o
    0x00000894   0x00000894   0x00000024   Code   RO          217    .text.R_IOPORT_PortDirectionSet  r_ioport.o
    0x000008b8   0x000008b8   0x00000014   Code   RO          219    .text.R_IOPORT_PortEventInputRead  r_ioport.o
    0x000008cc   0x000008cc   0x00000020   Code   RO          221    .text.R_IOPORT_PortEventOutputWrite  r_ioport.o
    0x000008ec   0x000008ec   0x00000018   Code   RO          223    .text.R_IOPORT_PortRead  r_ioport.o
    0x00000904   0x00000904   0x00000020   Code   RO          225    .text.R_IOPORT_PortWrite  r_ioport.o
    0x00000924   0x00000924   0x0000000a   Code   RO           63  * .text.Reset_Handler  startup.o
    0x0000092e   0x0000092e   0x00000002   PAD
    0x00000930   0x00000930   0x0000001c   Code   RO           93    .text.SystemCoreClockUpdate  bsp_clocks.o
    0x0000094c   0x0000094c   0x0000011c   Code   RO           76    .text.SystemInit    system.o
    0x00000a68   0x00000a68   0x000000c8   Code   RO           99    .text.bsp_clock_init  bsp_clocks.o
    0x00000b30   0x00000b30   0x00000002   Code   RO          118    .text.bsp_init_internal  bsp_common.o
    0x00000b32   0x00000b32   0x00000002   PAD
    0x00000b34   0x00000b34   0x0000001c   Code   RO          167    .text.bsp_irq_cfg   bsp_irq.o
    0x00000b50   0x00000b50   0x0000002c   Code   RO           91    .text.bsp_prv_operating_mode_opccr_set  bsp_clocks.o
    0x00000b7c   0x00000b7c   0x00000008   Code   RO          137    .text.bsp_prv_software_delay_loop  bsp_delay.o
    0x00000b84   0x00000b84   0x00000018   Code   RO           25    .text.hal_entry     hal_entry.o
    0x00000b9c   0x00000b9c   0x0000003c   Code   RO           47    .text.led_flip      led.o
    0x00000bd8   0x00000bd8   0x0000000a   Code   RO          256    .text.main          main.o
    0x00000be2   0x00000be2   0x00000002   PAD
    0x00000be4   0x00000be4   0x000000b4   Code   RO          227    .text.r_ioport_pins_config  r_ioport.o
    0x00000c98   0x00000c98   0x00000008   Data   RO          183    .rodata.cst8        bsp_register_protection.o
    0x00000ca0   0x00000ca0   0x00000008   Data   RO          266    .rodata.g_bsp_pin_cfg  pin_data.o
    0x00000ca8   0x00000ca8   0x00000020   Data   RO          265    .rodata.g_bsp_pin_cfg_data  pin_data.o
    0x00000cc8   0x00000cc8   0x00000080   Data   RO          169    .rodata.g_interrupt_event_link_select  bsp_irq.o
    0x00000d48   0x00000d48   0x0000000c   Data   RO          241    .rodata.g_ioport    common_data.o
    0x00000d54   0x00000d54   0x00000034   Data   RO          229    .rodata.g_ioport_on_ioport  r_ioport.o
    0x00000d88   0x00000d88   0x00000004   Data   RO          124    .version            bsp_common.o
    0x00000d8c   0x00000d8c   0x00000006   Data   RO          125    .version            bsp_common.o
    0x00000d92   0x00000d92   0x00000044   Data   RO          126    .version            bsp_common.o


    Execution Region __tz_RAM_S (Exec base: 0x20004000, Load base: 0x00000dd8, Size: 0x00000000, Max: 0x00000000, ABSOLUTE)

    Exec Addr    Load Addr    Size         Type   Attr      Idx    E Section Name        Object

    0x20004000        -       0x00000000   Zero   RW            4    __tz_RAM_S.bss      anon$$obj.o


    Execution Region DTC_VECTOR_TABLE (Exec base: 0x20004000, Load base: 0x00000dd8, Size: 0x00000000, Max: 0x00004000, ABSOLUTE, UNINIT)

    **** No section assigned to this execution region ****


    Execution Region DATA (Exec base: 0x20004000, Load base: 0x00000dd8, Size: 0x00000000, Max: 0xffffffff, ABSOLUTE)

    **** No section assigned to this execution region ****


    Execution Region BSS (Exec base: 0x20004000, Load base: 0x00000dd8, Size: 0x00000060, Max: 0xffffffff, ABSOLUTE)

    Exec Addr    Load Addr    Size         Type   Attr      Idx    E Section Name        Object

    0x20004000        -       0x00000001   Zero   RW           39    .bss.KEY_Scan.S1_up  key.o
    0x20004001   0x00000dd8   0x00000003   PAD
    0x20004004        -       0x00000004   Zero   RW           80    .bss.SystemCoreClock  system.o
    0x20004008        -       0x00000040   Zero   RW          151    .bss.g_bsp_group_irq_sources  bsp_group_irq.o
    0x20004048        -       0x00000008   Zero   RW          240    .bss.g_ioport_ctrl  common_data.o
    0x20004050        -       0x00000008   Zero   RW          182    .bss.g_protect_counters  bsp_register_protection.o
    0x20004058        -       0x00000004   Zero   RW          161    .bss.g_protect_pfswe_counter  bsp_io.o
    0x2000405c        -       0x00000001   Zero   RW           53    .bss.led_flip.led1_flag  led.o
    0x2000405d        -       0x00000001   Zero   RW           54    .bss.led_flip.led2_flag  led.o


    Execution Region NOINIT (Exec base: 0x20004060, Load base: 0x00000dd8, Size: 0x00000014, Max: 0xffffffff, ABSOLUTE, UNINIT)

    Exec Addr    Load Addr    Size         Type   Attr      Idx    E Section Name        Object

    0x20004060        -       0x00000014   Zero   RW          109    .bss.noinit         bsp_clocks.o


    Execution Region ARM_LIB_HEAP (Exec base: 0x20004078, Load base: 0x00000dd8, Size: 0x00000000, Max: 0xffffffff, ABSOLUTE, UNINIT)

    **** No section assigned to this execution region ****


    Execution Region ARM_LIB_STACK (Exec base: 0x20004078, Load base: 0x00000dd8, Size: 0x00000000, Max: 0x00000000, ABSOLUTE, UNINIT)

    Exec Addr    Load Addr    Size         Type   Attr      Idx    E Section Name        Object

    0x20004078        -       0x00000000   Zero   RW            5    ARM_LIB_STACK.bss   anon$$obj.o


    Execution Region STACK (Exec base: 0x20004078, Load base: 0x00000dd8, Size: 0x00000400, Max: 0xffffffff, ABSOLUTE, UNINIT)

    Exec Addr    Load Addr    Size         Type   Attr      Idx    E Section Name        Object

    0x20004078        -       0x00000400   Zero   RW           67    .bss.stack          startup.o


    Execution Region RAM_END (Exec base: 0x20004478, Load base: 0x00000dd8, Size: 0x00000004, Max: 0x00000004, ABSOLUTE)

    Exec Addr    Load Addr    Size         Type   Attr      Idx    E Section Name        Object

    0x20004478        -       0x00000004   Zero   RW            6    RAM_END.bss         anon$$obj.o


    Execution Region __tz_RAM_C (Exec base: 0x20008000, Load base: 0x00000dd8, Size: 0x00000000, Max: 0x00000000, ABSOLUTE)

    Exec Addr    Load Addr    Size         Type   Attr      Idx    E Section Name        Object

    0x20008000        -       0x00000000   Zero   RW            7    __tz_RAM_C.bss      anon$$obj.o


    Execution Region __tz_RAM_N (Exec base: 0x20008000, Load base: 0x00000dd8, Size: 0x00000000, Max: 0x00000000, ABSOLUTE)

    Exec Addr    Load Addr    Size         Type   Attr      Idx    E Section Name        Object

    0x20008000        -       0x00000000   Zero   RW            8    __tz_RAM_N.bss      anon$$obj.o


    Execution Region RAM_LIMIT (Exec base: 0x20008000, Load base: 0x00000dd8, Size: 0x00000004, Max: 0x00000004, ABSOLUTE)

    Exec Addr    Load Addr    Size         Type   Attr      Idx    E Section Name        Object

    0x20008000        -       0x00000004   Zero   RW            9    RAM_LIMIT.bss       anon$$obj.o


    Execution Region OSPI_DEVICE_0_NO_LOAD (Exec base: 0x80020000, Load base: 0x00000dd8, Size: 0x00000000, Max: 0xffffffff, ABSOLUTE, UNINIT)

    **** No section assigned to this execution region ****


    Execution Region OSPI_DEVICE_1_NO_LOAD (Exec base: 0x80030000, Load base: 0x00000dd8, Size: 0x00000000, Max: 0xffffffff, ABSOLUTE, UNINIT)

    **** No section assigned to this execution region ****



  Load Region LOAD_REGION_NSC_FLASH (Base: 0x00001400, Size: 0x00000000, Max: 0xffffffff, ABSOLUTE)

    Execution Region __tz_FLASH_C (Exec base: 0x00001400, Load base: 0x00001400, Size: 0x00000000, Max: 0x00000000, ABSOLUTE)

    Exec Addr    Load Addr    Size         Type   Attr      Idx    E Section Name        Object

    0x00001400        -       0x00000000   Zero   RW           10    __tz_FLASH_C.bss    anon$$obj.o


    Execution Region EXEC_NSCR (Exec base: 0x00001400, Load base: 0x00001400, Size: 0x00000000, Max: 0xffffffff, ABSOLUTE, FIXED)

    **** No section assigned to this execution region ****


    Execution Region __tz_FLASH_N (Exec base: 0x00008000, Load base: 0x00001400, Size: 0x00000000, Max: 0x00000000, ABSOLUTE)

    Exec Addr    Load Addr    Size         Type   Attr      Idx    E Section Name        Object

    0x00008000        -       0x00000000   Zero   RW           11    __tz_FLASH_N.bss    anon$$obj.o



  Load Region LOAD_REGION_ID_CODE (Base: 0x01010018, Size: 0x0000001c, Max: 0x00000020, ABSOLUTE)

    Execution Region __tz_ID_CODE_S (Exec base: 0x01010018, Load base: 0x01010018, Size: 0x00000000, Max: 0x00000000, ABSOLUTE)

    Exec Addr    Load Addr    Size         Type   Attr      Idx    E Section Name        Object

    0x01010018        -       0x00000000   Zero   RW           12    __tz_ID_CODE_S.bss  anon$$obj.o


    Execution Region __tz_ID_CODE_N (Exec base: 0x01010018, Load base: 0x01010018, Size: 0x00000000, Max: 0x00000000, ABSOLUTE)

    Exec Addr    Load Addr    Size         Type   Attr      Idx    E Section Name        Object

    0x01010018        -       0x00000000   Zero   RW           13    __tz_ID_CODE_N.bss  anon$$obj.o


    Execution Region ID_CODE (Exec base: 0x01010018, Load base: 0x01010018, Size: 0x0000001c, Max: 0xffffffff, ABSOLUTE, FIXED)

    Exec Addr    Load Addr    Size         Type   Attr      Idx    E Section Name        Object

    0x01010018   0x01010018   0x0000001c   Data   RO          192    .id_code            bsp_rom_registers.o



  Load Region LOAD_REGION_DATA_FLASH (Base: 0x40100000, Size: 0x00000000, Max: 0x00001000, ABSOLUTE)

    Execution Region __tz_DATA_FLASH_S (Exec base: 0x40100000, Load base: 0x40100000, Size: 0x00000000, Max: 0x00000000, ABSOLUTE)

    Exec Addr    Load Addr    Size         Type   Attr      Idx    E Section Name        Object

    0x40100000        -       0x00000000   Zero   RW           14    __tz_DATA_FLASH_S.bss  anon$$obj.o


    Execution Region DATA_FLASH (Exec base: 0x40100000, Load base: 0x40100000, Size: 0x00000000, Max: 0xffffffff, ABSOLUTE)

    **** No section assigned to this execution region ****


    Execution Region __tz_DATA_FLASH_N (Exec base: 0x40100000, Load base: 0x40100000, Size: 0x00000000, Max: 0x00000000, ABSOLUTE)

    Exec Addr    Load Addr    Size         Type   Attr      Idx    E Section Name        Object

    0x40100000        -       0x00000000   Zero   RW           15    __tz_DATA_FLASH_N.bss  anon$$obj.o



  Load Region LOAD_REGION_QSPI_FLASH (Base: 0x60000000, Size: 0x00000000, Max: 0x00000000, ABSOLUTE)

    Execution Region __tz_QSPI_FLASH_S (Exec base: 0x60000000, Load base: 0x60000000, Size: 0x00000000, Max: 0x00000000, ABSOLUTE)

    Exec Addr    Load Addr    Size         Type   Attr      Idx    E Section Name        Object

    0x60000000        -       0x00000000   Zero   RW           16    __tz_QSPI_FLASH_S.bss  anon$$obj.o


    Execution Region QSPI_FLASH (Exec base: 0x60000000, Load base: 0x60000000, Size: 0x00000000, Max: 0xffffffff, ABSOLUTE, FIXED)

    **** No section assigned to this execution region ****


    Execution Region __tz_QSPI_FLASH_N (Exec base: 0x60000000, Load base: 0x60000000, Size: 0x00000000, Max: 0x00000000, ABSOLUTE)

    Exec Addr    Load Addr    Size         Type   Attr      Idx    E Section Name        Object

    0x60000000        -       0x00000000   Zero   RW           17    __tz_QSPI_FLASH_N.bss  anon$$obj.o



  Load Region LOAD_REGION_OSPI_DEVICE_0 (Base: 0x80020000, Size: 0x00000000, Max: 0x00000000, ABSOLUTE)

    Execution Region __tz_OSPI_DEVICE_0_S (Exec base: 0x80020000, Load base: 0x80020000, Size: 0x00000000, Max: 0x00000000, ABSOLUTE)

    Exec Addr    Load Addr    Size         Type   Attr      Idx    E Section Name        Object

    0x80020000        -       0x00000000   Zero   RW           18    __tz_OSPI_DEVICE_0_S.bss  anon$$obj.o


    Execution Region OSPI_DEVICE_0 (Exec base: 0x80020000, Load base: 0x80020000, Size: 0x00000000, Max: 0xffffffff, ABSOLUTE, FIXED)

    **** No section assigned to this execution region ****


    Execution Region __tz_OSPI_DEVICE_0_N (Exec base: 0x80020000, Load base: 0x80020000, Size: 0x00000000, Max: 0x00000000, ABSOLUTE)

    Exec Addr    Load Addr    Size         Type   Attr      Idx    E Section Name        Object

    0x80020000        -       0x00000000   Zero   RW           19    __tz_OSPI_DEVICE_0_N.bss  anon$$obj.o



  Load Region LOAD_REGION_OSPI_DEVICE_1 (Base: 0x80030000, Size: 0x00000000, Max: 0x00000000, ABSOLUTE)

    Execution Region __tz_OSPI_DEVICE_1_S (Exec base: 0x80030000, Load base: 0x80030000, Size: 0x00000000, Max: 0x00000000, ABSOLUTE)

    Exec Addr    Load Addr    Size         Type   Attr      Idx    E Section Name        Object

    0x80030000        -       0x00000000   Zero   RW           20    __tz_OSPI_DEVICE_1_S.bss  anon$$obj.o


    Execution Region OSPI_DEVICE_1 (Exec base: 0x80030000, Load base: 0x80030000, Size: 0x00000000, Max: 0xffffffff, ABSOLUTE, FIXED)

    **** No section assigned to this execution region ****


    Execution Region __tz_OSPI_DEVICE_1_N (Exec base: 0x80030000, Load base: 0x80030000, Size: 0x00000000, Max: 0x00000000, ABSOLUTE)

    Exec Addr    Load Addr    Size         Type   Attr      Idx    E Section Name        Object

    0x80030000        -       0x00000000   Zero   RW           21    __tz_OSPI_DEVICE_1_N.bss  anon$$obj.o



  Load Region LOAD_REGION_SDRAM (Base: 0x80010000, Size: 0x00000000, Max: 0x00000000, ABSOLUTE)

    Execution Region __tz_SDRAM_S (Exec base: 0x80010000, Load base: 0x80010000, Size: 0x00000000, Max: 0x00000000, ABSOLUTE)

    Exec Addr    Load Addr    Size         Type   Attr      Idx    E Section Name        Object

    0x80010000        -       0x00000000   Zero   RW           22    __tz_SDRAM_S.bss    anon$$obj.o


    Execution Region SDRAM (Exec base: 0x80010000, Load base: 0x80010000, Size: 0x00000000, Max: 0xffffffff, ABSOLUTE, FIXED)

    **** No section assigned to this execution region ****


    Execution Region __tz_SDRAM_N (Exec base: 0x80010000, Load base: 0x80010000, Size: 0x00000000, Max: 0x00000000, ABSOLUTE)

    Exec Addr    Load Addr    Size         Type   Attr      Idx    E Section Name        Object

    0x80010000        -       0x00000000   Zero   RW           23    __tz_SDRAM_N.bss    anon$$obj.o


==============================================================================

Image component sizes


      Code (inc. data)   RO Data    RW Data    ZI Data      Debug   Object Name

       320         64          0          0         20      33795   bsp_clocks.o
         2          0         78          0          0       9614   bsp_common.o
       100          4          0          0          0       1692   bsp_delay.o
        52          8          0          0         64      13607   bsp_group_irq.o
         0          0          0          0          4        482   bsp_io.o
        28          8        128          0          0       8658   bsp_irq.o
       120         12          8          0          8      21548   bsp_register_protection.o
         0          0         88          0          0        608   bsp_rom_registers.o
         0          0         12          0          8      17407   common_data.o
        60         12          0          0          0      21316   hal_entry.o
       100          4          0          0          1      16265   key.o
        60         20          0          0          2      16669   led.o
        10          0          0          0          0        379   main.o
         0          0         40          0          0       7929   pin_data.o
       668         56         52          0          0      30161   r_ioport.o
        14          0         64          0       1024        908   startup.o
       284         52          0          0          4      10789   system.o

    ----------------------------------------------------------------------
      1824        240        472          0       2304     211827   Object Totals
         0          0          0          0       1164          0   (incl. Generated)
         6          0          2          0          5          0   (incl. Padding)

    ----------------------------------------------------------------------

      Code (inc. data)   RO Data    RW Data    ZI Data      Debug   Library Member Name

        48          0          0          0          0         72   llmul.o
        36          0          0          0          0         60   memcpya.o
        36          0          0          0          0        100   memseta.o

    ----------------------------------------------------------------------
       120          0          0          0          0        232   Library Totals
         0          0          0          0          0          0   (incl. Padding)

    ----------------------------------------------------------------------

      Code (inc. data)   RO Data    RW Data    ZI Data      Debug   Library Name

       120          0          0          0          0        232   mc_p.l

    ----------------------------------------------------------------------
       120          0          0          0          0        232   Library Totals

    ----------------------------------------------------------------------

==============================================================================


      Code (inc. data)   RO Data    RW Data    ZI Data      Debug   

      1944        240        472          0       2304     211731   Grand Totals
      1944        240        472          0       2304     211731   ELF Image Totals
      1944        240        472          0          0          0   ROM Totals

==============================================================================

    Total RO  Size (Code + RO Data)                 2416 (   2.36kB)
    Total RW  Size (RW Data + ZI Data)              2304 (   2.25kB)
    Total ROM Size (Code + RO Data + RW Data)       2416 (   2.36kB)

==============================================================================

